main.c:112:5:main	8	static
main.c:175:6:SystemClock_Config	88	static
main.c:217:13:MX_ADC1_Init	24	static
main.c:264:13:MX_CAN1_Init	8	static
main.c:299:13:MX_SPI1_Init	8	static
main.c:335:13:MX_TIM1_Init	16	static
main.c:373:13:MX_TIM2_Init	32	static
main.c:415:13:MX_TIM3_Init	32	static
main.c:457:13:MX_TIM8_Init	80	static
main.c:523:13:MX_USART2_UART_Init	8	static
main.c:554:13:MX_GPIO_Init	48	static
main.c:602:10:amt222_readPos	48	static
main.c:656:6:position_controller	80	static
main.c:686:6:encoders_check	24	static
main.c:709:6:init_steppers	16	static
main.c:721:6:HAL_TIM_PeriodElapsedCallback	16	static
main.c:735:6:Error_Handler	8	static
